> Task :starx-paper:compileJava FAILED
